Verifies
Verified using v1 scheme (JAR signing): false
Verified using v2 scheme (APK Signature Scheme v2): true
Verified using v3 scheme (APK Signature Scheme v3): true
Verified using v3.1 scheme (APK Signature Scheme v3.1): false
Verified using v4 scheme (APK Signature Scheme v4): false
Verified for SourceStamp: false
Number of signers: 1
Signer #1 certificate DN: CN=Duplicard Development
Signer #1 certificate SHA-256 digest: 688e04bab7e325b5e0cc0644f44c4097beaa2d108e92f19de9a4eea178fb56e3
Signer #1 certificate SHA-1 digest: 70b3dd93247921d8f9a3e11dd6bc9b49fa5e8b9a
Signer #1 certificate MD5 digest: 4fb0a391a37292d2abc1b3b5ff635ad7
Signer #1 key algorithm: RSA
Signer #1 key size (bits): 2048
Signer #1 public key SHA-256 digest: f0babf6b5981803b230a26f68ab7bbc526551f43379be7e1c8ad023b3ef8afb6
Signer #1 public key SHA-1 digest: 2a885673936468d5d755cec3d0807d615e8c8f06
Signer #1 public key MD5 digest: 4f23375ad6875a55c4236ea52f936363
package: name='nl.duplicard.wallet' versionCode='2' versionName='1.1.0' platformBuildVersionName='15' platformBuildVersionCode='35' compileSdkVersion='35' compileSdkVersionCodename='15'
sdkVersion:'26'
targetSdkVersion:'35'
uses-permission: name='android.permission.CAMERA'
uses-permission: name='nl.duplicard.wallet.DYNAMIC_RECEIVER_NOT_EXPORTED_PERMISSION'
application-label:'Duplicard'
application-label-af:'Duplicard'
application-label-am:'Duplicard'
application-label-ar:'Duplicard'
application-label-as:'Duplicard'
application-label-az:'Duplicard'
application-label-be:'Duplicard'
application-label-bg:'Duplicard'
application-label-bn:'Duplicard'
application-label-bs:'Duplicard'
application-label-ca:'Duplicard'
application-label-cs:'Duplicard'
application-label-da:'Duplicard'
application-label-de:'Duplicard'
application-label-el:'Duplicard'
application-label-en-AU:'Duplicard'
application-label-en-CA:'Duplicard'
application-label-en-GB:'Duplicard'
application-label-en-IN:'Duplicard'
application-label-en-XC:'Duplicard'
application-label-es:'Duplicard'
application-label-es-US:'Duplicard'
application-label-et:'Duplicard'
application-label-eu:'Duplicard'
application-label-fa:'Duplicard'
application-label-fi:'Duplicard'
application-label-fr:'Duplicard'
application-label-fr-CA:'Duplicard'
application-label-gl:'Duplicard'
application-label-gu:'Duplicard'
application-label-hi:'Duplicard'
application-label-hr:'Duplicard'
application-label-hu:'Duplicard'
application-label-hy:'Duplicard'
application-label-in:'Duplicard'
application-label-is:'Duplicard'
application-label-it:'Duplicard'
application-label-iw:'Duplicard'
application-label-ja:'Duplicard'
application-label-ka:'Duplicard'
application-label-kk:'Duplicard'
application-label-km:'Duplicard'
application-label-kn:'Duplicard'
application-label-ko:'Duplicard'
application-label-ky:'Duplicard'
application-label-lo:'Duplicard'
application-label-lt:'Duplicard'
application-label-lv:'Duplicard'
application-label-mk:'Duplicard'
application-label-ml:'Duplicard'
application-label-mn:'Duplicard'
application-label-mr:'Duplicard'
application-label-ms:'Duplicard'
application-label-my:'Duplicard'
application-label-nb:'Duplicard'
application-label-ne:'Duplicard'
application-label-nl:'Duplicard'
application-label-or:'Duplicard'
application-label-pa:'Duplicard'
application-label-pl:'Duplicard'
application-label-pt:'Duplicard'
application-label-pt-BR:'Duplicard'
application-label-pt-PT:'Duplicard'
application-label-ro:'Duplicard'
application-label-ru:'Duplicard'
application-label-si:'Duplicard'
application-label-sk:'Duplicard'
application-label-sl:'Duplicard'
application-label-sq:'Duplicard'
application-label-sr:'Duplicard'
application-label-sr-Latn:'Duplicard'
application-label-sv:'Duplicard'
application-label-sw:'Duplicard'
application-label-ta:'Duplicard'
application-label-te:'Duplicard'
application-label-th:'Duplicard'
application-label-tl:'Duplicard'
application-label-tr:'Duplicard'
application-label-uk:'Duplicard'
application-label-ur:'Duplicard'
application-label-uz:'Duplicard'
application-label-vi:'Duplicard'
application-label-zh-CN:'Duplicard'
application-label-zh-HK:'Duplicard'
application-label-zh-TW:'Duplicard'
application-label-zu:'Duplicard'
application-icon-160:'res/r2.xml'
application-icon-240:'res/r2.xml'
application-icon-320:'res/r2.xml'
application-icon-480:'res/r2.xml'
application-icon-640:'res/r2.xml'
application: label='Duplicard' icon='res/r2.xml'
launchable-activity: name='nl.duplicard.wallet.MainActivity'  label='' icon=''
feature-group: label=''
  uses-feature-not-required: name='android.hardware.camera'
  uses-feature-not-required: name='android.hardware.camera.autofocus'
  uses-feature: name='android.hardware.faketouch'
  uses-implied-feature: name='android.hardware.faketouch' reason='default feature for all apps'
main
other-activities
other-receivers
other-services
supports-screens: 'small' 'normal' 'large' 'xlarge'
supports-any-density: 'true'
locales: '--_--' 'af' 'am' 'ar' 'as' 'az' 'be' 'bg' 'bn' 'bs' 'ca' 'cs' 'da' 'de' 'el' 'en-AU' 'en-CA' 'en-GB' 'en-IN' 'en-XC' 'es' 'es-US' 'et' 'eu' 'fa' 'fi' 'fr' 'fr-CA' 'gl' 'gu' 'hi' 'hr' 'hu' 'hy' 'in' 'is' 'it' 'iw' 'ja' 'ka' 'kk' 'km' 'kn' 'ko' 'ky' 'lo' 'lt' 'lv' 'mk' 'ml' 'mn' 'mr' 'ms' 'my' 'nb' 'ne' 'nl' 'or' 'pa' 'pl' 'pt' 'pt-BR' 'pt-PT' 'ro' 'ru' 'si' 'sk' 'sl' 'sq' 'sr' 'sr-Latn' 'sv' 'sw' 'ta' 'te' 'th' 'tl' 'tr' 'uk' 'ur' 'uz' 'vi' 'zh-CN' 'zh-HK' 'zh-TW' 'zu'
densities: '160' '240' '320' '480' '640'
native-code: 'arm64-v8a' 'armeabi-v7a' 'x86' 'x86_64'
